// Jest Snapshot v1, https://goo.gl/fbAQLP

exports[`renders 1`] = `
<DocumentFragment>
  <div>
    <h1>
      Hello!
    </h1>
  </div>
</DocumentFragment>
`;
